<?xml version="1.0" encoding="utf-8"?>
<TestRun id="392ad415-42ae-44c6-9bcc-d58190d77bfe" name="6072492@TR-98MTXY2 2021-10-20 14:48:45" runUser="EAD\6072492" xmlns="http://microsoft.com/schemas/VisualStudio/TeamTest/2010">
  <Times creation="2021-10-20T14:48:45.8949145+02:00" queuing="2021-10-20T14:48:45.8949152+02:00" start="2021-10-20T14:48:43.6964961+02:00" finish="2021-10-20T14:48:45.9011485+02:00" />
  <TestSettings name="default" id="252da0e6-73d1-4f39-9ed4-4697a354a264">
    <Deployment runDeploymentRoot="6072492_TR-98MTXY2_2021-10-20_14_48_45" />
  </TestSettings>
  <Results>
    <UnitTestResult executionId="7d3e3426-4108-402e-95bc-e0437f7936e2" testId="37d0f9cd-1fcb-af93-e2dd-099db72d5bf8" testName="TestMethod1" computerName="TR-98MTXY2" duration="00:00:00.0111635" startTime="2021-10-20T14:48:45.6010411+02:00" endTime="2021-10-20T14:48:45.6639816+02:00" testType="13cdc9d9-ddb5-4fa4-a97d-d965ccfc6d4b" outcome="Passed" testListId="8c84fa94-04c1-424b-9868-57a2d4851a1d" relativeResultsDirectory="7d3e3426-4108-402e-95bc-e0437f7936e2" />
    <UnitTestResult executionId="ead14642-c34f-4505-babb-89ebe13bfbbf" testId="17768d4c-b60f-f86f-9905-879c3b0ad8a9" testName="TestMethod2" computerName="TR-98MTXY2" duration="00:00:00.0004167" startTime="2021-10-20T14:48:45.6693775+02:00" endTime="2021-10-20T14:48:45.6699115+02:00" testType="13cdc9d9-ddb5-4fa4-a97d-d965ccfc6d4b" outcome="Passed" testListId="8c84fa94-04c1-424b-9868-57a2d4851a1d" relativeResultsDirectory="ead14642-c34f-4505-babb-89ebe13bfbbf" />
  </Results>
  <TestDefinitions>
    <UnitTest name="TestMethod1" storage="c:\poc_git\projects\webapplicationdgp\src\testproject1\bin\debug\netcoreapp3.1\testproject1.dll" id="37d0f9cd-1fcb-af93-e2dd-099db72d5bf8">
      <Execution id="7d3e3426-4108-402e-95bc-e0437f7936e2" />
      <TestMethod codeBase="C:\POC_Git\Projects\WebApplicationDGP\src\TestProject1\bin\Debug\netcoreapp3.1\TestProject1.dll" adapterTypeName="executor://mstestadapter/v2" className="TestProject1.UnitTest1" name="TestMethod1" />
    </UnitTest>
    <UnitTest name="TestMethod2" storage="c:\poc_git\projects\webapplicationdgp\src\testproject1\bin\debug\netcoreapp3.1\testproject1.dll" id="17768d4c-b60f-f86f-9905-879c3b0ad8a9">
      <Execution id="ead14642-c34f-4505-babb-89ebe13bfbbf" />
      <TestMethod codeBase="C:\POC_Git\Projects\WebApplicationDGP\src\TestProject1\bin\Debug\netcoreapp3.1\TestProject1.dll" adapterTypeName="executor://mstestadapter/v2" className="TestProject1.UnitTest1" name="TestMethod2" />
    </UnitTest>
  </TestDefinitions>
  <TestEntries>
    <TestEntry testId="37d0f9cd-1fcb-af93-e2dd-099db72d5bf8" executionId="7d3e3426-4108-402e-95bc-e0437f7936e2" testListId="8c84fa94-04c1-424b-9868-57a2d4851a1d" />
    <TestEntry testId="17768d4c-b60f-f86f-9905-879c3b0ad8a9" executionId="ead14642-c34f-4505-babb-89ebe13bfbbf" testListId="8c84fa94-04c1-424b-9868-57a2d4851a1d" />
  </TestEntries>
  <TestLists>
    <TestList name="Resultados sin formato de lista" id="8c84fa94-04c1-424b-9868-57a2d4851a1d" />
    <TestList name="Todos los resultados cargados" id="19431567-8539-422a-85d7-44ee4e166bda" />
  </TestLists>
  <ResultSummary outcome="Completed">
    <Counters total="2" executed="2" passed="2" failed="0" error="0" timeout="0" aborted="0" inconclusive="0" passedButRunAborted="0" notRunnable="0" notExecuted="0" disconnected="0" warning="0" completed="0" inProgress="0" pending="0" />
  </ResultSummary>
</TestRun>